../Core/Src/main.c:276:5:main	200	static,ignoring_inline_asm
../Core/Src/main.c:840:6:SystemClock_Config	88	static
../Core/Src/main.c:886:13:MX_ADC1_Init	56	static
../Core/Src/main.c:955:13:MX_SPI2_Init	8	static
../Core/Src/main.c:993:13:MX_SPI3_Init	8	static
../Core/Src/main.c:1031:13:MX_TIM1_Init	96	static
../Core/Src/main.c:1118:13:MX_TIM2_Init	32	static
../Core/Src/main.c:1170:13:MX_TIM3_Init	64	static
../Core/Src/main.c:1233:13:MX_TIM4_Init	64	static
../Core/Src/main.c:1304:13:MX_TIM5_Init	32	static
../Core/Src/main.c:1356:13:MX_TIM10_Init	8	static
../Core/Src/main.c:1387:13:MX_USART2_UART_Init	8	static
../Core/Src/main.c:1420:13:MX_USART6_UART_Init	8	static
../Core/Src/main.c:1451:13:MX_DMA_Init	16	static
../Core/Src/main.c:1472:13:MX_GPIO_Init	48	static
../Core/Src/main.c:1583:6:HAL_TIM_PeriodElapsedCallback	16	static
../Core/Src/main.c:1591:6:HAL_TIM_IC_CaptureCallback	32	static
../Core/Src/main.c:1674:6:HAL_UART_RxCpltCallback	16	static
../Core/Src/main.c:1682:6:HAL_UART_TxCpltCallback	16	static
../Core/Src/main.c:1690:6:SendMessageLine	88	static
../Core/Src/main.c:1698:6:SendErrorSignal	48	static
../Core/Src/main.c:1705:6:SendErrorLEDSignal	4	static
../Core/Src/main.c:1718:6:Error_Handler	4	static,ignoring_inline_asm
