../Core/Src/main.c:265:5:main	50
../Core/Src/main.c:717:6:SystemClock_Config	3
../Core/Src/main.c:763:13:MX_ADC1_Init	4
../Core/Src/main.c:832:13:MX_SPI2_Init	2
../Core/Src/main.c:870:13:MX_SPI3_Init	2
../Core/Src/main.c:908:13:MX_TIM1_Init	10
../Core/Src/main.c:995:13:MX_TIM2_Init	5
../Core/Src/main.c:1047:13:MX_TIM3_Init	7
../Core/Src/main.c:1110:13:MX_TIM4_Init	9
../Core/Src/main.c:1181:13:MX_TIM5_Init	5
../Core/Src/main.c:1233:13:MX_TIM10_Init	2
../Core/Src/main.c:1264:13:MX_USART2_UART_Init	2
../Core/Src/main.c:1297:13:MX_USART6_UART_Init	2
../Core/Src/main.c:1328:13:MX_DMA_Init	1
../Core/Src/main.c:1349:13:MX_GPIO_Init	1
../Core/Src/main.c:1457:6:HAL_UART_RxCpltCallback	2
../Core/Src/main.c:1465:6:HAL_UART_TxCpltCallback	2
../Core/Src/main.c:1473:6:SendMessageLine	1
../Core/Src/main.c:1481:6:SendErrorSignal	1
../Core/Src/main.c:1488:6:SendErrorLEDSignal	1
../Core/Src/main.c:1501:6:Error_Handler	1
