../Core/Src/main.c:276:5:main	72	static
../Core/Src/main.c:867:6:SystemClock_Config	88	static
../Core/Src/main.c:913:13:MX_ADC1_Init	56	static
../Core/Src/main.c:982:13:MX_SPI2_Init	8	static
../Core/Src/main.c:1020:13:MX_SPI3_Init	8	static
../Core/Src/main.c:1058:13:MX_TIM1_Init	96	static
../Core/Src/main.c:1145:13:MX_TIM2_Init	32	static
../Core/Src/main.c:1197:13:MX_TIM3_Init	64	static
../Core/Src/main.c:1260:13:MX_TIM4_Init	64	static
../Core/Src/main.c:1331:13:MX_TIM5_Init	32	static
../Core/Src/main.c:1383:13:MX_TIM10_Init	8	static
../Core/Src/main.c:1414:13:MX_USART2_UART_Init	8	static
../Core/Src/main.c:1447:13:MX_USART6_UART_Init	8	static
../Core/Src/main.c:1478:13:MX_DMA_Init	16	static
../Core/Src/main.c:1499:13:MX_GPIO_Init	48	static
../Core/Src/main.c:1610:6:HAL_TIM_PeriodElapsedCallback	16	static
../Core/Src/main.c:1618:6:HAL_TIM_IC_CaptureCallback	32	static
../Core/Src/main.c:1701:6:HAL_UART_RxCpltCallback	16	static
../Core/Src/main.c:1709:6:HAL_UART_TxCpltCallback	16	static
../Core/Src/main.c:1717:6:SendMessageLine	88	static
../Core/Src/main.c:1725:6:SendErrorSignal	48	static
../Core/Src/main.c:1732:6:SendErrorLEDSignal	4	static
../Core/Src/main.c:1745:6:Error_Handler	4	static,ignoring_inline_asm
