../Core/Src/uart2_itcbuf .c:57:6:UART2_RxCpltCallback	8	static
../Core/Src/uart2_itcbuf .c:81:7:UART2_TxCpltCallback	8	static
../Core/Src/uart2_itcbuf .c:104:6:StartUART2Communication	8	static
../Core/Src/uart2_itcbuf .c:123:10:TestUART2RxData	4	static
../Core/Src/uart2_itcbuf .c:134:9:GetcUART2RxData	24	static,ignoring_inline_asm
../Core/Src/uart2_itcbuf .c:167:10:PutcUART2TxData	24	static,ignoring_inline_asm
../Core/Src/uart2_itcbuf .c:205:10:PutcccUART2TxData	24	static
../Core/Src/uart2_itcbuf .c:224:10:PutsUART2TxData	24	static
