../Core/Src/uart2_itcbuf .c:57:6:UART2_RxCpltCallback	8	static
../Core/Src/uart2_itcbuf .c:81:7:UART2_TxCpltCallback	8	static
../Core/Src/uart2_itcbuf .c:104:6:StartUART2Communication	8	static
../Core/Src/uart2_itcbuf .c:121:10:TestUART2RxData	4	static
../Core/Src/uart2_itcbuf .c:132:9:GetcUART2RxData	24	static,ignoring_inline_asm
../Core/Src/uart2_itcbuf .c:165:10:PutcUART2TxData	24	static,ignoring_inline_asm
../Core/Src/uart2_itcbuf .c:207:10:PutcccUART2TxData	24	static
../Core/Src/uart2_itcbuf .c:226:10:PutsUART2TxData	24	static
